// Jest Snapshot v1, https://goo.gl/fbAQLP

exports[`Button.tsx should render successfully 1`] = `
<View
  accessibilityState={
    {
      "busy": undefined,
      "checked": undefined,
      "disabled": undefined,
      "expanded": undefined,
      "selected": undefined,
    }
  }
  accessibilityValue={
    {
      "max": undefined,
      "min": undefined,
      "now": undefined,
      "text": undefined,
    }
  }
  accessible={true}
  collapsable={false}
  focusable={false}
  onClick={[Function]}
  onResponderGrant={[Function]}
  onResponderMove={[Function]}
  onResponderRelease={[Function]}
  onResponderTerminate={[Function]}
  onResponderTerminationRequest={[Function]}
  onStartShouldSetResponder={[Function]}
  style={
    {
      "alignItems": "center",
      "backgroundColor": "rgba(8, 99, 117, 0.1)",
      "borderRadius": 12,
      "justifyContent": "center",
      "opacity": 1,
      "padding": 12,
    }
  }
>
  <Text
    style={
      {
        "color": "#086375",
        "fontSize": 14,
        "fontWeight": "700",
      }
    }
  >
    Button
  </Text>
</View>
`;
